// Jest Snapshot v1, https://goo.gl/fbAQLP

exports[`day3 stringToMatrix() should return a matrix 1`] = `
Array [
  Array [
    ".",
    ".",
    "#",
    "#",
    ".",
    ".",
    ".",
    ".",
    ".",
    ".",
    ".",
    ".",
    ".",
    "#",
    "#",
    ".",
    ".",
    ".",
    ".",
    ".",
    ".",
    ".",
    ".",
    ".",
    "#",
    "#",
    ".",
    ".",
    ".",
    ".",
    ".",
    ".",
    ".",
    ".",
    ".",
    "#",
    "#",
    ".",
    ".",
    ".",
    ".",
    ".",
    ".",
    ".",
    ".",
    ".",
    "#",
    "#",
    ".",
    ".",
    ".",
    ".",
    ".",
    ".",
    ".",
    ".",
    ".",
    "#",
    "#",
    ".",
    ".",
    ".",
    ".",
    ".",
    ".",
    ".",
  ],
  Array [
    "#",
    ".",
    ".",
    ".",
    "#",
    ".",
    ".",
    ".",
    "#",
    ".",
    ".",
    "#",
    ".",
    ".",
    ".",
    "#",
    ".",
    ".",
    ".",
    "#",
    ".",
    ".",
    "#",
    ".",
    ".",
    ".",
    "#",
    ".",
    ".",
    ".",
    "#",
    ".",
    ".",
    "#",
    ".",
    ".",
    ".",
    "#",
    ".",
    ".",
    ".",
    "#",
    ".",
    ".",
    "#",
    ".",
    ".",
    ".",
    "#",
    ".",
    ".",
    ".",
    "#",
    ".",
    ".",
    "#",
    ".",
    ".",
    ".",
    "#",
    ".",
    ".",
    ".",
    "#",
    ".",
    ".",
  ],
  Array [
    ".",
    "#",
    ".",
    ".",
    ".",
    ".",
    "#",
    ".",
    ".",
    "#",
    ".",
    ".",
    "#",
    ".",
    ".",
    ".",
    ".",
    "#",
    ".",
    ".",
    "#",
    ".",
    ".",
    "#",
    ".",
    ".",
    ".",
    ".",
    "#",
    ".",
    ".",
    "#",
    ".",
    ".",
    "#",
    ".",
    ".",
    ".",
    ".",
    "#",
    ".",
    ".",
    "#",
    ".",
    ".",
    "#",
    ".",
    ".",
    ".",
    ".",
    "#",
    ".",
    ".",
    "#",
    ".",
    ".",
    "#",
    ".",
    ".",
    ".",
    ".",
    "#",
    ".",
    ".",
    "#",
    ".",
  ],
  Array [
    ".",
    ".",
    "#",
    ".",
    "#",
    ".",
    ".",
    ".",
    "#",
    ".",
    "#",
    ".",
    ".",
    "#",
    ".",
    "#",
    ".",
    ".",
    ".",
    "#",
    ".",
    "#",
    ".",
    ".",
    "#",
    ".",
    "#",
    ".",
    ".",
    ".",
    "#",
    ".",
    "#",
    ".",
    ".",
    "#",
    ".",
    "#",
    ".",
    ".",
    ".",
    "#",
    ".",
    "#",
    ".",
    ".",
    "#",
    ".",
    "#",
    ".",
    ".",
    ".",
    "#",
    ".",
    "#",
    ".",
    ".",
    "#",
    ".",
    "#",
    ".",
    ".",
    ".",
    "#",
    ".",
    "#",
  ],
  Array [
    ".",
    "#",
    ".",
    ".",
    ".",
    "#",
    "#",
    ".",
    ".",
    "#",
    ".",
    ".",
    "#",
    ".",
    ".",
    ".",
    "#",
    "#",
    ".",
    ".",
    "#",
    ".",
    ".",
    "#",
    ".",
    ".",
    ".",
    "#",
    "#",
    ".",
    ".",
    "#",
    ".",
    ".",
    "#",
    ".",
    ".",
    ".",
    "#",
    "#",
    ".",
    ".",
    "#",
    ".",
    ".",
    "#",
    ".",
    ".",
    ".",
    "#",
    "#",
    ".",
    ".",
    "#",
    ".",
    ".",
    "#",
    ".",
    ".",
    ".",
    "#",
    "#",
    ".",
    ".",
    "#",
    ".",
  ],
  Array [
    ".",
    ".",
    "#",
    ".",
    "#",
    "#",
    ".",
    ".",
    ".",
    ".",
    ".",
    ".",
    ".",
    "#",
    ".",
    "#",
    "#",
    ".",
    ".",
    ".",
    ".",
    ".",
    ".",
    ".",
    "#",
    ".",
    "#",
    "#",
    ".",
    ".",
    ".",
    ".",
    ".",
    ".",
    ".",
    "#",
    ".",
    "#",
    "#",
    ".",
    ".",
    ".",
    ".",
    ".",
    ".",
    ".",
    "#",
    ".",
    "#",
    "#",
    ".",
    ".",
    ".",
    ".",
    ".",
    ".",
    ".",
    "#",
    ".",
    "#",
    "#",
    ".",
    ".",
    ".",
    ".",
    ".",
  ],
  Array [
    ".",
    "#",
    ".",
    "#",
    ".",
    "#",
    ".",
    ".",
    ".",
    ".",
    "#",
    ".",
    "#",
    ".",
    "#",
    ".",
    "#",
    ".",
    ".",
    ".",
    ".",
    "#",
    ".",
    "#",
    ".",
    "#",
    ".",
    "#",
    ".",
    ".",
    ".",
    ".",
    "#",
    ".",
    "#",
    ".",
    "#",
    ".",
    "#",
    ".",
    ".",
    ".",
    ".",
    "#",
    ".",
    "#",
    ".",
    "#",
    ".",
    "#",
    ".",
    ".",
    ".",
    ".",
    "#",
    ".",
    "#",
    ".",
    "#",
    ".",
    "#",
    ".",
    ".",
    ".",
    ".",
    "#",
  ],
  Array [
    ".",
    "#",
    ".",
    ".",
    ".",
    ".",
    ".",
    ".",
    ".",
    ".",
    "#",
    ".",
    "#",
    ".",
    ".",
    ".",
    ".",
    ".",
    ".",
    ".",
    ".",
    "#",
    ".",
    "#",
    ".",
    ".",
    ".",
    ".",
    ".",
    ".",
    ".",
    ".",
    "#",
    ".",
    "#",
    ".",
    ".",
    ".",
    ".",
    ".",
    ".",
    ".",
    ".",
    "#",
    ".",
    "#",
    ".",
    ".",
    ".",
    ".",
    ".",
    ".",
    ".",
    ".",
    "#",
    ".",
    "#",
    ".",
    ".",
    ".",
    ".",
    ".",
    ".",
    ".",
    ".",
    "#",
  ],
  Array [
    "#",
    ".",
    "#",
    "#",
    ".",
    ".",
    ".",
    "#",
    ".",
    ".",
    ".",
    "#",
    ".",
    "#",
    "#",
    ".",
    ".",
    ".",
    "#",
    ".",
    ".",
    ".",
    "#",
    ".",
    "#",
    "#",
    ".",
    ".",
    ".",
    "#",
    ".",
    ".",
    ".",
    "#",
    ".",
    "#",
    "#",
    ".",
    ".",
    ".",
    "#",
    ".",
    ".",
    ".",
    "#",
    ".",
    "#",
    "#",
    ".",
    ".",
    ".",
    "#",
    ".",
    ".",
    ".",
    "#",
    ".",
    "#",
    "#",
    ".",
    ".",
    ".",
    "#",
    ".",
    ".",
    ".",
  ],
  Array [
    "#",
    ".",
    ".",
    ".",
    "#",
    "#",
    ".",
    ".",
    ".",
    ".",
    "#",
    "#",
    ".",
    ".",
    ".",
    "#",
    "#",
    ".",
    ".",
    ".",
    ".",
    "#",
    "#",
    ".",
    ".",
    ".",
    "#",
    "#",
    ".",
    ".",
    ".",
    ".",
    "#",
    "#",
    ".",
    ".",
    ".",
    "#",
    "#",
    ".",
    ".",
    ".",
    ".",
    "#",
    "#",
    ".",
    ".",
    ".",
    "#",
    "#",
    ".",
    ".",
    ".",
    ".",
    "#",
    "#",
    ".",
    ".",
    ".",
    "#",
    "#",
    ".",
    ".",
    ".",
    ".",
    "#",
  ],
  Array [
    ".",
    "#",
    ".",
    ".",
    "#",
    ".",
    ".",
    ".",
    "#",
    ".",
    "#",
    ".",
    "#",
    ".",
    ".",
    "#",
    ".",
    ".",
    ".",
    "#",
    ".",
    "#",
    ".",
    "#",
    ".",
    ".",
    "#",
    ".",
    ".",
    ".",
    "#",
    ".",
    "#",
    ".",
    "#",
    ".",
    ".",
    "#",
    ".",
    ".",
    ".",
    "#",
    ".",
    "#",
    ".",
    "#",
    ".",
    ".",
    "#",
    ".",
    ".",
    ".",
    "#",
    ".",
    "#",
    ".",
    "#",
    ".",
    ".",
    "#",
    ".",
    ".",
    ".",
    "#",
    ".",
    "#",
  ],
]
`;
